
notsy@enhdd MINGW64 ~
$ mkdir project

notsy@enhdd MINGW64 ~
$ cd project

notsy@enhdd MINGW64 ~/project
$ git init
Initialized empty Git repository in C:/Users/notsy/project/.git/

notsy@enhdd MINGW64 ~/project (master)
$ ls -a
./  ../  .git/

notsy@enhdd MINGW64 ~/project (master)
$ ls .git
HEAD  config  description  hooks/  info/  objects/  refs/

notsy@enhdd MINGW64 ~/project (master)
$ touch names.txt

notsy@enhdd MINGW64 ~/project (master)
$ git status
On branch master

No commits yet

Untracked files:
  (use "git add <file>..." to include in what will be committed)
        names.txt

nothing added to commit but untracked files present (use "git add" to track)

notsy@enhdd MINGW64 ~/project (master)
$ git add .

notsy@enhdd MINGW64 ~/project (master)
$ git add names.txt

notsy@enhdd MINGW64 ~/project (master)
$ git status
On branch master

No commits yet

Changes to be committed:
  (use "git rm --cached <file>..." to unstage)
        new file:   names.txt


notsy@enhdd MINGW64 ~/project (master)
$ git commit -m "names.txt file added"
[master (root-commit) 1479025] names.txt file added
 1 file changed, 0 insertions(+), 0 deletions(-)
 create mode 100644 names.txt

notsy@enhdd MINGW64 ~/project (master)
$ git status
On branch master
nothing to commit, working tree clean

notsy@enhdd MINGW64 ~/project (master)
$ vi names.txt

notsy@enhdd MINGW64 ~/project (master)
$ cat names.txt
enhdd lab12 hiiv

notsy@enhdd MINGW64 ~/project (master)
$ git status
On branch master
Changes not staged for commit:
  (use "git add <file>..." to update what will be committed)
  (use "git restore <file>..." to discard changes in working directory)
        modified:   names.txt

no changes added to commit (use "git add" and/or "git commit -a")

notsy@enhdd MINGW64 ~/project (master)
$ git add .
warning: in the working copy of 'names.txt', LF will be replaced by CRLF the next time Git touches it

notsy@enhdd MINGW64 ~/project (master)
$ git status
On branch master
Changes to be committed:
  (use "git restore --staged <file>..." to unstage)
        modified:   names.txt


notsy@enhdd MINGW64 ~/project (master)
$ git restore --staged names.txt

notsy@enhdd MINGW64 ~/project (master)
$ git status
On branch master
Changes not staged for commit:
  (use "git add <file>..." to update what will be committed)
  (use "git restore <file>..." to discard changes in working directory)
        modified:   names.txt

no changes added to commit (use "git add" and/or "git commit -a")

notsy@enhdd MINGW64 ~/project (master)
$ git add names.txt
warning: in the working copy of 'names.txt', LF will be replaced by CRLF the next time Git touches it

notsy@enhdd MINGW64 ~/project (master)
$ git status
On branch master
Changes to be committed:
  (use "git restore --staged <file>..." to unstage)
        modified:   names.txt


notsy@enhdd MINGW64 ~/project (master)
$ git commit -m "names.txt files modified"
[master fb89756] names.txt files modified
 1 file changed, 1 insertion(+)

notsy@enhdd MINGW64 ~/project (master)
$ git log
commit fb89756f5db7e71bbf778e982055892b815c06c5 (HEAD -> master)
Author: ENKHODB232270134 <notsyniz@gmail.com>
Date:   Thu Apr 10 00:01:37 2025 +0800

    names.txt files modified

commit 1479025b802d0c27fb22865f56453d5ae150c20b
Author: ENKHODB232270134 <notsyniz@gmail.com>
Date:   Wed Apr 9 23:58:56 2025 +0800

    names.txt file added

notsy@enhdd MINGW64 ~/project (master)
$ ^C


notsy@enhdd MINGW64 ~/project (master)
$ rm -rf names.txt

notsy@enhdd MINGW64 ~/project (master)
$ git status
On branch master
Changes not staged for commit:
  (use "git add/rm <file>..." to update what will be committed)
  (use "git restore <file>..." to discard changes in working directory)
        deleted:    names.txt

no changes added to commit (use "git add" and/or "git commit -a")

notsy@enhdd MINGW64 ~/project (master)
$ git add .

notsy@enhdd MINGW64 ~/project (master)
$ git commit -m "names.txt file deleted"
[master f1425db] names.txt file deleted
 1 file changed, 1 deletion(-)
 delete mode 100644 names.txt

notsy@enhdd MINGW64 ~/project (master)
$ git log
commit f1425dbdfded30a0530e59ba3d6391430c1d05e3 (HEAD -> master)
Author: ENKHODB232270134 <notsyniz@gmail.com>
Date:   Thu Apr 10 00:03:26 2025 +0800

    names.txt file deleted

commit fb89756f5db7e71bbf778e982055892b815c06c5
Author: ENKHODB232270134 <notsyniz@gmail.com>
Date:   Thu Apr 10 00:01:37 2025 +0800

    names.txt files modified

commit 1479025b802d0c27fb22865f56453d5ae150c20b
Author: ENKHODB232270134 <notsyniz@gmail.com>
Date:   Wed Apr 9 23:58:56 2025 +0800

    names.txt file added

notsy@enhdd MINGW64 ~/project (master)
$ git reset 1479025b802d0c27fb22865f56453d5ae150c20b
Unstaged changes after reset:
D       names.txt

notsy@enhdd MINGW64 ~/project (master)
$ git log
commit 1479025b802d0c27fb22865f56453d5ae150c20b (HEAD -> master)
Author: ENKHODB232270134 <notsyniz@gmail.com>
Date:   Wed Apr 9 23:58:56 2025 +0800

    names.txt file added

notsy@enhdd MINGW64 ~/project (master)
$ git status
On branch master
Changes not staged for commit:
  (use "git add/rm <file>..." to update what will be committed)
  (use "git restore <file>..." to discard changes in working directory)
        deleted:    names.txt

no changes added to commit (use "git add" and/or "git commit -a")

notsy@enhdd MINGW64 ~/project (master)
$ git add .

notsy@enhdd MINGW64 ~/project (master)
$ git status
On branch master
Changes to be committed:
  (use "git restore --staged <file>..." to unstage)
        deleted:    names.txt


notsy@enhdd MINGW64 ~/project (master)
$ touch surnames.txt

notsy@enhdd MINGW64 ~/project (master)
$ git add .

notsy@enhdd MINGW64 ~/project (master)
$ git status
On branch master
Changes to be committed:
  (use "git restore --staged <file>..." to unstage)
        renamed:    names.txt -> surnames.txt


notsy@enhdd MINGW64 ~/project (master)
$ vi surnames.txt

notsy@enhdd MINGW64 ~/project (master)
$ touch house.txt

notsy@enhdd MINGW64 ~/project (master)
$ git add .
warning: in the working copy of 'surnames.txt', LF will be replaced by CRLF the next time Git touches it

notsy@enhdd MINGW64 ~/project (master)
$ git status
On branch master
Changes to be committed:
  (use "git restore --staged <file>..." to unstage)
        renamed:    names.txt -> house.txt
        new file:   surnames.txt


notsy@enhdd MINGW64 ~/project (master)
$ git stash
Saved working directory and index state WIP on master: 1479025 names.txt file added

notsy@enhdd MINGW64 ~/project (master)
$ git status
On branch master
nothing to commit, working tree clean

notsy@enhdd MINGW64 ~/project (master)
$ git log
commit 1479025b802d0c27fb22865f56453d5ae150c20b (HEAD -> master)
Author: ENKHODB232270134 <notsyniz@gmail.com>
Date:   Wed Apr 9 23:58:56 2025 +0800

    names.txt file added

notsy@enhdd MINGW64 ~/project (master)
$ cat names.txt

notsy@enhdd MINGW64 ~/project (master)
$ git stash pop
On branch master
Changes to be committed:
  (use "git restore --staged <file>..." to unstage)
        new file:   house.txt
        new file:   surnames.txt

Changes not staged for commit:
  (use "git add/rm <file>..." to update what will be committed)
  (use "git restore <file>..." to discard changes in working directory)
        deleted:    names.txt

Dropped refs/stash@{0} (4cb5953c77501ef8186e59f13f841f2f434222fe)

notsy@enhdd MINGW64 ~/project (master)
$ git add .

notsy@enhdd MINGW64 ~/project (master)
$ git stash
Saved working directory and index state WIP on master: 1479025 names.txt file added

notsy@enhdd MINGW64 ~/project (master)
$ git stash clear

notsy@enhdd MINGW64 ~/project (master)
$ git stash clean
fatal: subcommand wasn't specified; 'push' can't be assumed due to unexpected token 'clean'

notsy@enhdd MINGW64 ~/project (master)
$ git remote add origin https://github.com/ENKHODB232270134/communityclassroom-git.git

notsy@enhdd MINGW64 ~/project (master)
$ git remote -v
origin  https://github.com/ENKHODB232270134/communityclassroom-git.git (fetch)
origin  https://github.com/ENKHODB232270134/communityclassroom-git.git (push)

notsy@enhdd MINGW64 ~/project (master)
$ git push origin master
Enumerating objects: 3, done.
Counting objects: 100% (3/3), done.
Writing objects: 100% (3/3), 227 bytes | 227.00 KiB/s, done.
Total 3 (delta 0), reused 0 (delta 0), pack-reused 0 (from 0)
To https://github.com/ENKHODB232270134/communityclassroom-git.git
 * [new branch]      master -> master

notsy@enhdd MINGW64 ~/project (master)
$ touch hotel.txt

notsy@enhdd MINGW64 ~/project (master)
$ git add .

notsy@enhdd MINGW64 ~/project (master)
$ git commit -m "hotel.txt added"
[master 333f8b6] hotel.txt added
 1 file changed, 0 insertions(+), 0 deletions(-)
 create mode 100644 hotel.txt

notsy@enhdd MINGW64 ~/project (master)
$ touch rollno.txt

notsy@enhdd MINGW64 ~/project (master)
$ git add .

notsy@enhdd MINGW64 ~/project (master)
$ git commit -m "roll number added"
[master 8fe4e4b] roll number added
 1 file changed, 0 insertions(+), 0 deletions(-)
 create mode 100644 rollno.txt

notsy@enhdd MINGW64 ~/project (master)
$ vi rollno.txt

notsy@enhdd MINGW64 ~/project (master)
$ git status
On branch master
Changes not staged for commit:
  (use "git add <file>..." to update what will be committed)
  (use "git restore <file>..." to discard changes in working directory)
        modified:   rollno.txt

no changes added to commit (use "git add" and/or "git commit -a")

notsy@enhdd MINGW64 ~/project (master)
$ git add .
warning: in the working copy of 'rollno.txt', LF will be replaced by CRLF the next time Git touches it

notsy@enhdd MINGW64 ~/project (master)
$ git add .

notsy@enhdd MINGW64 ~/project (master)
$ git commit -m "rollno modified"
[master 5fa93de] rollno modified
 1 file changed, 1 insertion(+)

notsy@enhdd MINGW64 ~/project (master)
$ git log
commit 5fa93dedc5673021c6739e0c37509300ac7588fd (HEAD -> master)
Author: ENKHODB232270134 <notsyniz@gmail.com>
Date:   Thu Apr 10 00:14:01 2025 +0800

    rollno modified

commit 8fe4e4b5535573224fe90aef296d365fed69ec61
Author: ENKHODB232270134 <notsyniz@gmail.com>
Date:   Thu Apr 10 00:11:54 2025 +0800

    roll number added

commit 333f8b6cc03cbb6cf8812062386dab57e838402b
Author: ENKHODB232270134 <notsyniz@gmail.com>
Date:   Thu Apr 10 00:11:28 2025 +0800

    hotel.txt added

commit 1479025b802d0c27fb22865f56453d5ae150c20b (origin/master)
Author: ENKHODB232270134 <notsyniz@gmail.com>
Date:   Wed Apr 9 23:58:56 2025 +0800

    names.txt file added
commit 5fa93dedc5673021c6739e0c37509300ac7588fd (HEAD -> master)
Author: ENKHODB232270134 <notsyniz@gmail.com>
Date:   Thu Apr 10 00:14:01 2025 +0800

    rollno modified

commit 8fe4e4b5535573224fe90aef296d365fed69ec61
Author: ENKHODB232270134 <notsyniz@gmail.com>
Date:   Thu Apr 10 00:11:54 2025 +0800

    roll number added

commit 333f8b6cc03cbb6cf8812062386dab57e838402b
Author: ENKHODB232270134 <notsyniz@gmail.com>
Date:   Thu Apr 10 00:11:28 2025 +0800

    hotel.txt added

commit 1479025b802d0c27fb22865f56453d5ae150c20b (origin/master)
Author: ENKHODB232270134 <notsyniz@gmail.com>
Date:   Wed Apr 9 23:58:56 2025 +0800

    names.txt file added
(END)
commit 5fa93dedc5673021c6739e0c37509300ac7588fd (HEAD -> master)
Author: ENKHODB232270134 <notsyniz@gmail.com>
Date:   Thu Apr 10 00:14:01 2025 +0800

    rollno modified

commit 8fe4e4b5535573224fe90aef296d365fed69ec61
Author: ENKHODB232270134 <notsyniz@gmail.com>
Date:   Thu Apr 10 00:11:54 2025 +0800

    roll number added

commit 333f8b6cc03cbb6cf8812062386dab57e838402b
Author: ENKHODB232270134 <notsyniz@gmail.com>
Date:   Thu Apr 10 00:11:28 2025 +0800

    hotel.txt added

commit 1479025b802d0c27fb22865f56453d5ae150c20b (origin/master)
Author: ENKHODB232270134 <notsyniz@gmail.com>
Date:   Wed Apr 9 23:58:56 2025 +0800

    names.txt file added
...skipping...

                   SUMMARY OF LESS COMMANDS

      Commands marked with * may be preceded by a number, N.
      Notes in parentheses indicate the behavior if N is given.
      A key preceded by a caret indicates the Ctrl key; thus ^K is ctrl-K.

  h  H                 Display this help.
  q  :q  Q  :Q  ZZ     Exit.
 ---------------------------------------------------------------------------

                           MOVING

  e  ^E  j  ^N  CR  *  Forward  one line   (or N lines).
  y  ^Y  k  ^K  ^P  *  Backward one line   (or N lines).
  f  ^F  ^V  SPACE  *  Forward  one window (or N lines).
  b  ^B  ESC-v      *  Backward one window (or N lines).
  z                 *  Forward  one window (and set window to N).
  w                 *  Backward one window (and set window to N).
  ESC-SPACE         *  Forward  one window, but don't stop at end-of-file.
  d  ^D             *  Forward  one half-window (and set half-window to N).
  u  ^U             *  Backward one half-window (and set half-window to N).
  ESC-)  RightArrow *  Right one half screen width (or N positions).
  ESC-(  LeftArrow  *  Left  one half screen width (or N positions).
HELP -- Press RETURN for more, or q when done...skipping...
commit 5fa93dedc5673021c6739e0c37509300ac7588fd (HEAD -> master)
Author: ENKHODB232270134 <notsyniz@gmail.com>
Date:   Thu Apr 10 00:14:01 2025 +0800

    rollno modified

commit 8fe4e4b5535573224fe90aef296d365fed69ec61
Author: ENKHODB232270134 <notsyniz@gmail.com>
Date:   Thu Apr 10 00:11:54 2025 +0800

    roll number added

commit 333f8b6cc03cbb6cf8812062386dab57e838402b
Author: ENKHODB232270134 <notsyniz@gmail.com>
Date:   Thu Apr 10 00:11:28 2025 +0800

    hotel.txt added

commit 1479025b802d0c27fb22865f56453d5ae150c20b (origin/master)
Author: ENKHODB232270134 <notsyniz@gmail.com>
Date:   Wed Apr 9 23:58:56 2025 +0800

    names.txt file added
we
notsy@enhdd MINGW64 ~/project (master)
$ we
bash: we: command not found


notsy@enhdd MINGW64 ~/project (master)
$ q
bash: q: command not found

notsy@enhdd MINGW64 ~/project (master)
$ git remote -b
error: unknown switch `b'
usage: git remote [-v | --verbose]
   or: git remote add [-t <branch>] [-m <master>] [-f] [--tags | --no-tags] [--mirror=<fetch|push>] <name> <url>
   or: git remote rename [--[no-]progress] <old> <new>
   or: git remote remove <name>
   or: git remote set-head <name> (-a | --auto | -d | --delete | <branch>)
   or: git remote [-v | --verbose] show [-n] <name>
   or: git remote prune [-n | --dry-run] <name>
   or: git remote [-v | --verbose] update [-p | --prune] [(<group> | <remote>)...]
   or: git remote set-branches [--add] <name> <branch>...
   or: git remote get-url [--push] [--all] <name>
   or: git remote set-url [--push] <name> <newurl> [<oldurl>]
   or: git remote set-url --add <name> <newurl>
   or: git remote set-url --delete <name> <url>

    -v, --[no-]verbose    be verbose; must be placed before a subcommand


notsy@enhdd MINGW64 ~/project (master)
$ git remote -v
origin  https://github.com/ENKHODB232270134/communityclassroom-git.git (fetch)
origin  https://github.com/ENKHODB232270134/communityclassroom-git.git (push)

notsy@enhdd MINGW64 ~/project (master)
$ git log
commit 5fa93dedc5673021c6739e0c37509300ac7588fd (HEAD -> master)
Author: ENKHODB232270134 <notsyniz@gmail.com>
Date:   Thu Apr 10 00:14:01 2025 +0800

    rollno modified

commit 8fe4e4b5535573224fe90aef296d365fed69ec61
Author: ENKHODB232270134 <notsyniz@gmail.com>
Date:   Thu Apr 10 00:11:54 2025 +0800

    roll number added

commit 333f8b6cc03cbb6cf8812062386dab57e838402b
Author: ENKHODB232270134 <notsyniz@gmail.com>
Date:   Thu Apr 10 00:11:28 2025 +0800

    hotel.txt added

commit 1479025b802d0c27fb22865f56453d5ae150c20b (origin/master)
Author: ENKHODB232270134 <notsyniz@gmail.com>
Date:   Wed Apr 9 23:58:56 2025 +0800

    names.txt file added
e
q
notsy@enhdd MINGW64 ~/project (master)
$ e
bash: e: command not found
w
q
notsy@enhdd MINGW64 ~/project (master)
$ qw
bash: qw: command not found

notsy@enhdd MINGW64 ~/project (master)
$ q
bash: q: command not found

notsy@enhdd MINGW64 ~/project (master)
$ git push origin master
Enumerating objects: 8, done.
Counting objects: 100% (8/8), done.
Delta compression using up to 20 threads
Compressing objects: 100% (6/6), done.
Writing objects: 100% (7/7), 679 bytes | 679.00 KiB/s, done.
Total 7 (delta 2), reused 0 (delta 0), pack-reused 0 (from 0)
remote: Resolving deltas: 100% (2/2), done.
To https://github.com/ENKHODB232270134/communityclassroom-git.git
   1479025..5fa93de  master -> master

notsy@enhdd MINGW64 ~/project (master)
$ git clone https://github.com/ENKHODB232270134/commclassroomOP.git
Cloning into 'commclassroomOP'...
remote: Enumerating objects: 10, done.
remote: Total 10 (delta 0), reused 0 (delta 0), pack-reused 10 (from 1)
Receiving objects: 100% (10/10), done.

notsy@enhdd MINGW64 ~/project (master)
$ cd commclassroomOP

notsy@enhdd MINGW64 ~/project/commclassroomOP (main)
$ cat README.md
# commclassroomOP

Kunal Kushwaha learing github amazing..

notsy@enhdd MINGW64 ~/project/commclassroomOP (main)
$ git remote add upstream https://github.com/ENKHODB232270134/commclassroomOP.git

notsy@enhdd MINGW64 ~/project/commclassroomOP (main)
$ git remote -v
origin  https://github.com/ENKHODB232270134/commclassroomOP.git (fetch)
origin  https://github.com/ENKHODB232270134/commclassroomOP.git (push)
upstream        https://github.com/ENKHODB232270134/commclassroomOP.git (fetch)
upstream        https://github.com/ENKHODB232270134/commclassroomOP.git (push)

notsy@enhdd MINGW64 ~/project/commclassroomOP (main)
$ vi README.md

notsy@enhdd MINGW64 ~/project/commclassroomOP (main)
$ git status
On branch main
Your branch is up to date with 'origin/main'.

Changes not staged for commit:
  (use "git add <file>..." to update what will be committed)
  (use "git restore <file>..." to discard changes in working directory)
        modified:   README.md

no changes added to commit (use "git add" and/or "git commit -a")

notsy@enhdd MINGW64 ~/project/commclassroomOP (main)
$ git branch kunal

notsy@enhdd MINGW64 ~/project/commclassroomOP (main)
$ git checkout kunal
M       README.md
Switched to branch 'kunal'

notsy@enhdd MINGW64 ~/project/commclassroomOP (kunal)
$ git add .

notsy@enhdd MINGW64 ~/project/commclassroomOP (kunal)
$ git commit -m "kunal added a message"
[kunal 99dfdd5] kunal added a message
 1 file changed, 1 insertion(+), 1 deletion(-)

notsy@enhdd MINGW64 ~/project/commclassroomOP (kunal)
$ git log
commit 99dfdd531668d64b94c7019b46c7597a7e406e6a (HEAD -> kunal)
Author: ENKHODB232270134 <notsyniz@gmail.com>
Date:   Thu Apr 10 00:21:39 2025 +0800

    kunal added a message

commit c3164c5542fc3e77e5861eff83938032d5b35f3a (origin/main, origin/HEAD, main)
Merge: 69bff53 53b8351
Author: mranjmi567 <119578935+mranjmi567@users.noreply.github.com>
Date:   Mon Dec 25 10:31:12 2023 +0530

    Merge pull request #1 from mranjmi567/imran

    imran added a message

commit 53b835125a1c4b50ce911b45c0c0042bad7fb6cf
Author: Mohammad Imran <webworksimran@gmail.com>
Date:   Mon Dec 25 10:19:02 2023 +0530

    names.txt file added

commit eea40196d4a69b519e6896c0a94781d81a4f20cf
Author: Mohammad Imran <webworksimran@gmail.com>
Date:   Mon Dec 25 09:41:41 2023 +0530

    imran added a message

commit 69bff533282f8cc1137708e5cb438b4317b7b005
Author: mranjmi567 <119578935+mranjmi567@users.noreply.github.com>
Date:   Mon Dec 25 08:49:38 2023 +0530

    Initial commit
commit 99dfdd531668d64b94c7019b46c7597a7e406e6a (HEAD -> kunal)
Author: ENKHODB232270134 <notsyniz@gmail.com>
Date:   Thu Apr 10 00:21:39 2025 +0800

    kunal added a message

commit c3164c5542fc3e77e5861eff83938032d5b35f3a (origin/main, origin/HEAD, main)
Merge: 69bff53 53b8351
Author: mranjmi567 <119578935+mranjmi567@users.noreply.github.com>
Date:   Mon Dec 25 10:31:12 2023 +0530

    Merge pull request #1 from mranjmi567/imran

    imran added a message

commit 53b835125a1c4b50ce911b45c0c0042bad7fb6cf
Author: Mohammad Imran <webworksimran@gmail.com>
Date:   Mon Dec 25 10:19:02 2023 +0530

    names.txt file added

commit eea40196d4a69b519e6896c0a94781d81a4f20cf
Author: Mohammad Imran <webworksimran@gmail.com>
Date:   Mon Dec 25 09:41:41 2023 +0530
w

notsy@enhdd MINGW64 ~/project/commclassroomOP (kunal)
$ w
bash: w: command not found

notsy@enhdd MINGW64 ~/project/commclassroomOP (kunal)
$ git push origin kunal
Enumerating objects: 5, done.
Counting objects: 100% (5/5), done.
Delta compression using up to 20 threads
Compressing objects: 100% (3/3), done.
Writing objects: 100% (3/3), 359 bytes | 359.00 KiB/s, done.
Total 3 (delta 0), reused 0 (delta 0), pack-reused 0 (from 0)
remote:
remote: Create a pull request for 'kunal' on GitHub by visiting:
remote:      https://github.com/ENKHODB232270134/commclassroomOP/pull/new/kunal
remote:
To https://github.com/ENKHODB232270134/commclassroomOP.git
 * [new branch]      kunal -> kunal

notsy@enhdd MINGW64 ~/project/commclassroomOP (kunal)
$ touch names.txt

notsy@enhdd MINGW64 ~/project/commclassroomOP (kunal)
$ git add .
warning: in the working copy of 'qwq', LF will be replaced by CRLF the next time Git touches it

notsy@enhdd MINGW64 ~/project/commclassroomOP (kunal)
$ git commit -m "names.txt added"
[kunal 5a22e5a] names.txt added
 1 file changed, 32 insertions(+)
 create mode 100644 qwq

notsy@enhdd MINGW64 ~/project/commclassroomOP (kunal)
$ git push origin kunal
Enumerating objects: 4, done.
Counting objects: 100% (4/4), done.
Delta compression using up to 20 threads
Compressing objects: 100% (3/3), done.
Writing objects: 100% (3/3), 823 bytes | 823.00 KiB/s, done.
Total 3 (delta 0), reused 0 (delta 0), pack-reused 0 (from 0)
To https://github.com/ENKHODB232270134/commclassroomOP.git
   99dfdd5..5a22e5a  kunal -> kunal

notsy@enhdd MINGW64 ~/project/commclassroomOP (kunal)
$ git status
On branch kunal
nothing to commit, working tree clean

notsy@enhdd MINGW64 ~/project/commclassroomOP (kunal)
$ git log
commit 5a22e5a187984c2a3c1a8314a93d2f2d03608276 (HEAD -> kunal, origin/kunal)
commit 5a22e5a187984c2a3c1a8314a93d2f2d03608276 (HEAD -> kunal, origin/kunal)
Author: ENKHODB232270134 <notsyniz@gmail.com>
Date:   Thu Apr 10 00:24:01 2025 +0800

    names.txt added

commit 99dfdd531668d64b94c7019b46c7597a7e406e6a
Author: ENKHODB232270134 <notsyniz@gmail.com>
Date:   Thu Apr 10 00:21:39 2025 +0800

    kunal added a message

commit c3164c5542fc3e77e5861eff83938032d5b35f3a (origin/main, origin/HEAD, main)
Merge: 69bff53 53b8351
Author: mranjmi567 <119578935+mranjmi567@users.noreply.github.com>
Date:   Mon Dec 25 10:31:12 2023 +0530

    Merge pull request #1 from mranjmi567/imran

    imran added a message

commit 53b835125a1c4b50ce911b45c0c0042bad7fb6cf
Author: Mohammad Imran <webworksimran@gmail.com>

notsy@enhdd MINGW64 ~/project/commclassroomOP (kunal)
$ git reset 5a22e5a187984c2a3c1a8314a93d2f2d03608276

notsy@enhdd MINGW64 ~/project/commclassroomOP (kunal)
$ git status
On branch kunal
nothing to commit, working tree clean

notsy@enhdd MINGW64 ~/project/commclassroomOP (kunal)
$ git status
On branch kunal
nothing to commit, working tree clean

notsy@enhdd MINGW64 ~/project/commclassroomOP (kunal)
$ git log
commit 5a22e5a187984c2a3c1a8314a93d2f2d03608276 (HEAD -> kunal, origin/kunal)
Author: ENKHODB232270134 <notsyniz@gmail.com>
Date:   Thu Apr 10 00:24:01 2025 +0800

    names.txt added

commit 99dfdd531668d64b94c7019b46c7597a7e406e6a
Author: ENKHODB232270134 <notsyniz@gmail.com>
Date:   Thu Apr 10 00:21:39 2025 +0800

    kunal added a message

commit c3164c5542fc3e77e5861eff83938032d5b35f3a (origin/main, origin/HEAD, main)
Merge: 69bff53 53b8351
Author: mranjmi567 <119578935+mranjmi567@users.noreply.github.com>
Date:   Mon Dec 25 10:31:12 2023 +0530

    Merge pull request #1 from mranjmi567/imran

    imran added a message

commit 53b835125a1c4b50ce911b45c0c0042bad7fb6cf
Author: Mohammad Imran <webworksimran@gmail.com>

notsy@enhdd MINGW64 ~/project/commclassroomOP (kunal)
$

notsy@enhdd MINGW64 ~/project/commclassroomOP (kunal)
$ git reset c3164c5542fc3e77e5861eff83938032d5b35f3a
Unstaged changes after reset:
M       README.md

notsy@enhdd MINGW64 ~/project/commclassroomOP (kunal)
$ git status
On branch kunal
Changes not staged for commit:
  (use "git add <file>..." to update what will be committed)
  (use "git restore <file>..." to discard changes in working directory)
        modified:   README.md

Untracked files:
  (use "git add <file>..." to include in what will be committed)
        qwq

no changes added to commit (use "git add" and/or "git commit -a")

notsy@enhdd MINGW64 ~/project/commclassroomOP (kunal)
$ git add .
warning: in the working copy of 'qwq', LF will be replaced by CRLF the next time Git touches it

notsy@enhdd MINGW64 ~/project/commclassroomOP (kunal)
$ git add .

notsy@enhdd MINGW64 ~/project/commclassroomOP (kunal)
$ git stash
Saved working directory and index state WIP on kunal: c3164c5 Merge pull request #1 from mranjmi567/imran

notsy@enhdd MINGW64 ~/project/commclassroomOP (kunal)
$ git log
commit c3164c5542fc3e77e5861eff83938032d5b35f3a (HEAD -> kunal, origin/main, origin/HEAD, main)
Merge: 69bff53 53b8351
Author: mranjmi567 <119578935+mranjmi567@users.noreply.github.com>
Date:   Mon Dec 25 10:31:12 2023 +0530

    Merge pull request #1 from mranjmi567/imran

    imran added a message

commit 53b835125a1c4b50ce911b45c0c0042bad7fb6cf
Author: Mohammad Imran <webworksimran@gmail.com>
Date:   Mon Dec 25 10:19:02 2023 +0530

    names.txt file added

commit eea40196d4a69b519e6896c0a94781d81a4f20cf
Author: Mohammad Imran <webworksimran@gmail.com>
Date:   Mon Dec 25 09:41:41 2023 +0530

    imran added a message

commit 69bff533282f8cc1137708e5cb438b4317b7b005
Author: mranjmi567 <119578935+mranjmi567@users.noreply.github.com>
...skipping...
gin/HEAD, main)
Merge: 69bff53 53b8351
Author: mranjmi567 <119578935+mranjmi567@users.noreply.github.com>
Date:   Mon Dec 25 10:31:12 2023 +0530

    Merge pull request #1 from mranjmi567/imran

    imran added a message

commit 53b835125a1c4b50ce911b45c0c0042bad7fb6cf
Author: Mohammad Imran <webworksimran@gmail.com>
Date:   Mon Dec 25 10:19:02 2023 +0530

    names.txt file added

commit eea40196d4a69b519e6896c0a94781d81a4f20cf
Author: Mohammad Imran <webworksimran@gmail.com>
Date:   Mon Dec 25 09:41:41 2023 +0530

    imran added a message

commit 69bff533282f8cc1137708e5cb438b4317b7b005
Author: mranjmi567 <119578935+mranjmi567@users.noreply.github.com>
...skipping...
commit c3164c5542fc3e77e5861eff83938032d5b35f3a (HEAD -> kunal, origin/main, oricommit c3164c5542fc3e77e5861eff83938032d5b35f3a (HEAD -> kunal, origin/main, origin/HEAD, main)
Merge: 69bff53 53b8351
Author: mranjmi567 <119578935+mranjmi567@users.noreply.github.com>
Date:   Mon Dec 25 10:31:12 2023 +0530

    Merge pull request #1 from mranjmi567/imran

    imran added a message

commit 53b835125a1c4b50ce911b45c0c0042bad7fb6cf
Author: Mohammad Imran <webworksimran@gmail.com>
Date:   Mon Dec 25 10:19:02 2023 +0530

    names.txt file added

commit eea40196d4a69b519e6896c0a94781d81a4f20cf
Author: Mohammad Imran <webworksimran@gmail.com>
Date:   Mon Dec 25 09:41:41 2023 +0530

    imran added a message

commit 69bff533282f8cc1137708e5cb438b4317b7b005

notsy@enhdd MINGW64 ~/project/commclassroomOP (kunal)
$ git log
commit c3164c5542fc3e77e5861eff83938032d5b35f3a (HEAD -> kunal, origin/main, origin/HEAD, main)
Merge: 69bff53 53b8351
Author: mranjmi567 <119578935+mranjmi567@users.noreply.github.com>
Date:   Mon Dec 25 10:31:12 2023 +0530

    Merge pull request #1 from mranjmi567/imran

    imran added a message

commit 53b835125a1c4b50ce911b45c0c0042bad7fb6cf
Author: Mohammad Imran <webworksimran@gmail.com>
Date:   Mon Dec 25 10:19:02 2023 +0530

    names.txt file added

commit eea40196d4a69b519e6896c0a94781d81a4f20cf
Author: Mohammad Imran <webworksimran@gmail.com>
Date:   Mon Dec 25 09:41:41 2023 +0530

    imran added a message

commit 69bff533282f8cc1137708e5cb438b4317b7b005

notsy@enhdd MINGW64 ~/project/commclassroomOP (kunal)
$

notsy@enhdd MINGW64 ~/project/commclassroomOP (kunal)
$ git push origin kuna;
error: src refspec kuna does not match any
error: failed to push some refs to 'https://github.com/ENKHODB232270134/commclassroomOP.git'

notsy@enhdd MINGW64 ~/project/commclassroomOP (kunal)
$ git push origin kunal
To https://github.com/ENKHODB232270134/commclassroomOP.git
 ! [rejected]        kunal -> kunal (non-fast-forward)
error: failed to push some refs to 'https://github.com/ENKHODB232270134/commclassroomOP.git'
hint: Updates were rejected because the tip of your current branch is behind
hint: its remote counterpart. If you want to integrate the remote changes,
hint: use 'git pull' before pushing again.
hint: See the 'Note about fast-forwards' in 'git push --help' for details.

notsy@enhdd MINGW64 ~/project/commclassroomOP (kunal)
$ git push origin kunal -f
Total 0 (delta 0), reused 0 (delta 0), pack-reused 0 (from 0)
To https://github.com/ENKHODB232270134/commclassroomOP.git
 + 5a22e5a...c3164c5 kunal -> kunal (forced update)

notsy@enhdd MINGW64 ~/project/commclassroomOP (kunal)
$ git checkout main
Switched to branch 'main'
Your branch is up to date with 'origin/main'.

notsy@enhdd MINGW64 ~/project/commclassroomOP (main)
$ git status
On branch main
Your branch is up to date with 'origin/main'.

nothing to commit, working tree clean

notsy@enhdd MINGW64 ~/project/commclassroomOP (main)
$ git log
commit c3164c5542fc3e77e5861eff83938032d5b35f3a (HEAD -> main, origin/main, origin/kunal, origin/HEAD, kunal)
Merge: 69bff53 53b8351
Author: mranjmi567 <119578935+mranjmi567@users.noreply.github.com>
commit c3164c5542fc3e77e5861eff83938032d5b35f3a (HEAD -> main, origin/main, origcommit c3164c5542fc3e77e5861eff83938032d5b35f3a (HEAD -> main, origin/main, origin/kunal, origin/HEAD, kunal)
Merge: 69bff53 53b8351
Author: mranjmi567 <119578935+mranjmi567@users.noreply.github.com>
Date:   Mon Dec 25 10:31:12 2023 +0530

    Merge pull request #1 from mranjmi567/imran

    imran added a message

commit 53b835125a1c4b50ce911b45c0c0042bad7fb6cf
Author: Mohammad Imran <webworksimran@gmail.com>
Date:   Mon Dec 25 10:19:02 2023 +0530

    names.txt file added

commit eea40196d4a69b519e6896c0a94781d81a4f20cf
Author: Mohammad Imran <webworksimran@gmail.com>
Date:   Mon Dec 25 09:41:41 2023 +0530

    imran added a message

commit 69bff533282f8cc1137708e5cb438b4317b7b005
Author: mranjmi567 <119578935+mranjmi567@users.noreply.github.com>
Date:   Mon Dec 25 08:49:38 2023 +0530

    Initial commit

notsy@enhdd MINGW64 ~/project/commclassroomOP (main)
$
q
notsy@enhdd MINGW64 ~/project/commclassroomOP (main)
$ q
bash: q: command not found

notsy@enhdd MINGW64 ~/project/commclassroomOP (main)
$ git fetch --all --prune
Fetching origin
Fetching upstream
From https://github.com/ENKHODB232270134/commclassroomOP
 * [new branch]      kunal      -> upstream/kunal
 * [new branch]      main       -> upstream/main

notsy@enhdd MINGW64 ~/project/commclassroomOP (main)
$ git reset --hard upstream/main
HEAD is now at c3164c5 Merge pull request #1 from mranjmi567/imran

notsy@enhdd MINGW64 ~/project/commclassroomOP (main)
$ git log
commit c3164c5542fc3e77e5861eff83938032d5b35f3a (HEAD -> main, upstream/main, upstream/kunal, origin/main, origin/kunal, origin/HEAD, kunal)
Merge: 69bff53 53b8351
Author: mranjmi567 <119578935+mranjmi567@users.noreply.github.com>
Date:   Mon Dec 25 10:31:12 2023 +0530

    Merge pull request #1 from mranjmi567/imran

    imran added a message

commit 53b835125a1c4b50ce911b45c0c0042bad7fb6cf
Author: Mohammad Imran <webworksimran@gmail.com>
Date:   Mon Dec 25 10:19:02 2023 +0530

    names.txt file added

commit eea40196d4a69b519e6896c0a94781d81a4f20cf
Author: Mohammad Imran <webworksimran@gmail.com>
Date:   Mon Dec 25 09:41:41 2023 +0530

    imran added a message

commit 69bff533282f8cc1137708e5cb438b4317b7b005
w
notsy@enhdd MINGW64 ~/project/commclassroomOP (main)
$ git push origin main
Everything up-to-date

notsy@enhdd MINGW64 ~/project/commclassroomOP (main)
$ git push origin main
Everything up-to-date

notsy@enhdd MINGW64 ~/project/commclassroomOP (main)
$ git pull upstream main
From https://github.com/ENKHODB232270134/commclassroomOP
 * branch            main       -> FETCH_HEAD
Already up to date.

notsy@enhdd MINGW64 ~/project/commclassroomOP (main)
$ git push origin main
Everything up-to-date

notsy@enhdd MINGW64 ~/project/commclassroomOP (main)
$ git branch temp

notsy@enhdd MINGW64 ~/project/commclassroomOP (main)
$ git checkout temp
Switched to branch 'temp'

notsy@enhdd MINGW64 ~/project/commclassroomOP (temp)
$ touch 1

notsy@enhdd MINGW64 ~/project/commclassroomOP (temp)
$ git add .; git commit -m"1"
[temp e05479a] 1
 1 file changed, 0 insertions(+), 0 deletions(-)
 create mode 100644 1

notsy@enhdd MINGW64 ~/project/commclassroomOP (temp)
$ touch 2

notsy@enhdd MINGW64 ~/project/commclassroomOP (temp)
$  git add .; git commit -m"2"
[temp f456d2b] 2
 1 file changed, 0 insertions(+), 0 deletions(-)
 create mode 100644 2

notsy@enhdd MINGW64 ~/project/commclassroomOP (temp)
$ touch 3

notsy@enhdd MINGW64 ~/project/commclassroomOP (temp)
$  git add .; git commit -m"3"
[temp d22abc6] 3
 1 file changed, 0 insertions(+), 0 deletions(-)
 create mode 100644 3

notsy@enhdd MINGW64 ~/project/commclassroomOP (temp)
$ touch 4

notsy@enhdd MINGW64 ~/project/commclassroomOP (temp)
$  git add .; git commit -m"4"
[temp bd71400] 4
 1 file changed, 0 insertions(+), 0 deletions(-)
 create mode 100644 4

notsy@enhdd MINGW64 ~/project/commclassroomOP (temp)
$ git ;og
usage: git [-v | --version] [-h | --help] [-C <path>] [-c <name>=<value>]
           [--exec-path[=<path>]] [--html-path] [--man-path] [--info-path]
           [-p | --paginate | -P | --no-pager] [--no-replace-objects] [--no-lazy-fetch]
           [--no-optional-locks] [--no-advice] [--bare] [--git-dir=<path>]
           [--work-tree=<path>] [--namespace=<name>] [--config-env=<name>=<envvar>]
           <command> [<args>]

These are common Git commands used in various situations:

start a working area (see also: git help tutorial)
   clone      Clone a repository into a new directory
   init       Create an empty Git repository or reinitialize an existing one

work on the current change (see also: git help everyday)
   add        Add file contents to the index
   mv         Move or rename a file, a directory, or a symlink
   restore    Restore working tree files
   rm         Remove files from the working tree and from the index

examine the history and state (see also: git help revisions)
   bisect     Use binary search to find the commit that introduced a bug
   diff       Show changes between commits, commit and working tree, etc
   grep       Print lines matching a pattern
   log        Show commit logs
   show       Show various types of objects
   status     Show the working tree status

grow, mark and tweak your common history
   backfill   Download missing objects in a partial clone
   branch     List, create, or delete branches
   commit     Record changes to the repository
   merge      Join two or more development histories together
   rebase     Reapply commits on top of another base tip
   reset      Reset current HEAD to the specified state
   switch     Switch branches
   tag        Create, list, delete or verify a tag object signed with GPG

collaborate (see also: git help workflows)
   fetch      Download objects and refs from another repository
   pull       Fetch from and integrate with another repository or a local branch
   push       Update remote refs along with associated objects

'git help -a' and 'git help -g' list available subcommands and some
concept guides. See 'git help <command>' or 'git help <concept>'
to read about a specific subcommand or concept.
See 'git help git' for an overview of the system.
bash: og: command not found

notsy@enhdd MINGW64 ~/project/commclassroomOP (temp)
$ git log
commit bd7140079e037956ab6967b700256456465cdfc6 (HEAD -> temp)
Author: ENKHODB232270134 <notsyniz@gmail.com>
Date:   Thu Apr 10 00:33:48 2025 +0800

    4

commit d22abc6891b31eddbc3fde2427ff0f7fb4a43438
Author: ENKHODB232270134 <notsyniz@gmail.com>
Date:   Thu Apr 10 00:33:40 2025 +0800

    3

commit f456d2bcde1184460de99f25a9024ec69de0e800
Author: ENKHODB232270134 <notsyniz@gmail.com>
Date:   Thu Apr 10 00:33:28 2025 +0800

    2

commit e05479a2f0db7d2ba01d835851eb7afdfe9aea17
Author: ENKHODB232270134 <notsyniz@gmail.com>
Date:   Thu Apr 10 00:33:04 2025 +0800

    1
...skipping...
commit bd7140079e037956ab6967b700256456465cdfc6 (HEAD -> temp)
Author: ENKHODB232270134 <notsyniz@gmail.com>
Date:   Thu Apr 10 00:33:48 2025 +0800

    4

commit d22abc6891b31eddbc3fde2427ff0f7fb4a43438
Author: ENKHODB232270134 <notsyniz@gmail.com>
Date:   Thu Apr 10 00:33:40 2025 +0800

    3

commit f456d2bcde1184460de99f25a9024ec69de0e800
Author: ENKHODB232270134 <notsyniz@gmail.com>
Date:   Thu Apr 10 00:33:28 2025 +0800

    2

commit e05479a2f0db7d2ba01d835851eb7afdfe9aea17
Author: ENKHODB232270134 <notsyniz@gmail.com>























[detached HEAD 885e2e6] commits merged
 Date: Thu Apr 10 00:33:04 2025 +0800
 3 files changed, 0 insertions(+), 0 deletions(-)
 create mode 100644 1
 create mode 100644 2
 create mode 100644 3
Successfully rebased and updated refs/heads/temp.

notsy@enhdd MINGW64 ~/project/commclassroomOP (temp)
$ git log
commit 2630bd9ea9acc99306dc5b382c0cda996988404c (HEAD -> temp)
Author: ENKHODB232270134 <notsyniz@gmail.com>
Date:   Thu Apr 10 00:33:48 2025 +0800

    4

commit 885e2e67bb437ebd109ab1d5f1a073b9c4493259
Author: ENKHODB232270134 <notsyniz@gmail.com>
Date:   Thu Apr 10 00:33:04 2025 +0800

    commits merged

    1

    2

    3

commit c3164c5542fc3e77e5861eff83938032d5b35f3a (upstream/main, upstream/kunal, origin/main, origin/kunal, origin/HEAD, main, kunal)
Merge: 69bff53 53b8351
Author: mranjmi567 <119578935+mranjmi567@users.noreply.github.com>
Date:   Mon Dec 25 10:31:12 2023 +0530

    Merge pull request #1 from mranjmi567/imran

    imran added a message

commit 53b835125a1c4b50ce911b45c0c0042bad7fb6cf
Author: Mohammad Imran <webworksimran@gmail.com>
Date:   Mon Dec 25 10:19:02 2023 +0530

    names.txt file added

commit eea40196d4a69b519e6896c0a94781d81a4f20cf
Author: Mohammad Imran <webworksimran@gmail.com>
Date:   Mon Dec 25 09:41:41 2023 +0530

    imran added a message

commit 69bff533282f8cc1137708e5cb438b4317b7b005
Author: mranjmi567 <119578935+mranjmi567@users.noreply.github.com>
Date:   Mon Dec 25 08:49:38 2023 +0530
Finishing logfile... (interrupt to abort)q
notsy@enhdd MINGW64 ~/project/commclassroomOP (temp)
$


notsy@enhdd MINGW64 ~/project/commclassroomOP (temp)
$ q
bash: q: command not found

notsy@enhdd MINGW64 ~/project/commclassroomOP (temp)
$ git log
commit 2630bd9ea9acc99306dc5b382c0cda996988404c (HEAD -> temp)
Author: ENKHODB232270134 <notsyniz@gmail.com>
Date:   Thu Apr 10 00:33:48 2025 +0800

    4

commit 885e2e67bb437ebd109ab1d5f1a073b9c4493259
Author: ENKHODB232270134 <notsyniz@gmail.com>
Date:   Thu Apr 10 00:33:04 2025 +0800

    commits merged

    1

    2

    3

commit c3164c5542fc3e77e5861eff83938032d5b35f3a (upstream/main, upstream/kunal, origin/main, origin/kunal, origin/HEAD, main, kunal)
Merge: 69bff53 53b8351
Author: mranjmi567 <119578935+mranjmi567@users.noreply.github.com>
Date:   Mon Dec 25 10:31:12 2023 +0530

    Merge pull request #1 from mranjmi567/imran

    imran added a message

commit 53b835125a1c4b50ce911b45c0c0042bad7fb6cf
Author: Mohammad Imran <webworksimran@gmail.com>
Date:   Mon Dec 25 10:19:02 2023 +0530

    names.txt file added

commit eea40196d4a69b519e6896c0a94781d81a4f20cf
Author: Mohammad Imran <webworksimran@gmail.com>
Date:   Mon Dec 25 09:41:41 2023 +0530

    imran added a message

commit 69bff533282f8cc1137708e5cb438b4317b7b005
Author: mranjmi567 <119578935+mranjmi567@users.noreply.github.com>
Date:   Mon Dec 25 08:49:38 2023 +0530

    Initial commit

notsy@enhdd MINGW64 ~/project/commclassroomOP (temp)
$

notsy@enhdd MINGW64 ~/project/commclassroomOP (temp)
$ git reset --hard c3164c5542fc3e77e5861eff83938032d5b35f3a
HEAD is now at c3164c5 Merge pull request #1 from mranjmi567/imran

notsy@enhdd MINGW64 ~/project/commclassroomOP (temp)
$ git log
commit c3164c5542fc3e77e5861eff83938032d5b35f3a (HEAD -> temp, upstream/main, upstream/kunal, origin/main, origin/kunal, origin/HEAD, main, kunal)
Merge: 69bff53 53b8351
Author: mranjmi567 <119578935+mranjmi567@users.noreply.github.com>
Date:   Mon Dec 25 10:31:12 2023 +0530

    Merge pull request #1 from mranjmi567/imran

    imran added a message

commit 53b835125a1c4b50ce911b45c0c0042bad7fb6cf
Author: Mohammad Imran <webworksimran@gmail.com>
Date:   Mon Dec 25 10:19:02 2023 +0530

    names.txt file added

commit eea40196d4a69b519e6896c0a94781d81a4f20cf
Author: Mohammad Imran <webworksimran@gmail.com>
Date:   Mon Dec 25 09:41:41 2023 +0530

    imran added a message

commit 69bff533282f8cc1137708e5cb438b4317b7b005
Author: mranjmi567 <119578935+mranjmi567@users.noreply.github.com>
Date:   Mon Dec 25 08:49:38 2023 +0530

    Initial commit

w
notsy@enhdd MINGW64 ~/project/commclassroomOP (temp)
$

notsy@enhdd MINGW64 ~/project/commclassroomOP (temp)
$
